.venv/bin/ruff check .
All checks passed!
.venv/bin/black --check .
All done! ✨ 🍰 ✨
174 files would be left unchanged.
.venv/bin/isort --check-only .
Skipped 3 files
.venv/bin/mypy .
datasets/places.py:39: note: By default the bodies of untyped functions are not checked, consider using --check-untyped-defs  [annotation-unchecked]
datasets/places.py:40: note: By default the bodies of untyped functions are not checked, consider using --check-untyped-defs  [annotation-unchecked]
explorer/costs.py:242: note: By default the bodies of untyped functions are not checked, consider using --check-untyped-defs  [annotation-unchecked]
Success: no issues found in 137 source files
.venv/bin/python manage.py makemigrations --check --dry-run
No changes detected
.venv/bin/python -m pytest
........................................................................ [  6%]
........................................................................ [ 13%]
........................................................................ [ 19%]
........................................................................ [ 26%]
........................................................................ [ 32%]
........................................................................ [ 39%]
........................................................................ [ 46%]
........................................................................ [ 52%]
........................................................................ [ 59%]
........................................................................ [ 65%]
........................................................................ [ 72%]
........................................................................ [ 78%]
........................................................................ [ 85%]
........................................................................ [ 92%]
........................................................................ [ 98%]
..............                                                           [100%]
1094 passed in 74.64s (0:01:14)
