.venv/bin/ruff check .
All checks passed!
.venv/bin/black --check .
All done! ✨ 🍰 ✨
215 files would be left unchanged.
.venv/bin/isort --check-only .
Skipped 3 files
.venv/bin/mypy .
datasets/places.py:39: note: By default the bodies of untyped functions are not checked, consider using --check-untyped-defs  [annotation-unchecked]
datasets/places.py:40: note: By default the bodies of untyped functions are not checked, consider using --check-untyped-defs  [annotation-unchecked]
explorer/costs.py:244: note: By default the bodies of untyped functions are not checked, consider using --check-untyped-defs  [annotation-unchecked]
Success: no issues found in 172 source files
docker compose -f docker-compose.test.yml up -d --wait
 Container datadesk-test-postgres Running 
 Container datadesk-test-postgres Waiting 
 Container datadesk-test-postgres Healthy 
DATADESK_TEST_DB_HOST=127.0.0.1 DATADESK_TEST_DB_PORT=5434 DATADESK_TEST_DB_USER=datadesk DATADESK_TEST_DB_PASSWORD=datadesk .venv/bin/python manage.py makemigrations --check --dry-run
No changes detected
DATADESK_TEST_DB_HOST=127.0.0.1 DATADESK_TEST_DB_PORT=5434 DATADESK_TEST_DB_USER=datadesk DATADESK_TEST_DB_PASSWORD=datadesk .venv/bin/python -m pytest
........................................................................ [  5%]
........................................................................ [ 10%]
........................................................................ [ 15%]
........................................................................ [ 21%]
........................................................................ [ 26%]
........................................................................ [ 31%]
........................................................................ [ 36%]
........................................................................ [ 42%]
........................................................................ [ 47%]
........................................................................ [ 52%]
........................................................................ [ 57%]
........................................................................ [ 63%]
........................................................................ [ 68%]
........................................................................ [ 73%]
........................................................................ [ 78%]
........................................................................ [ 84%]
........................................................................ [ 89%]
........................................................................ [ 94%]
........................................................................ [ 99%]
..                                                                       [100%]
=============================== warnings summary ===============================
tests/test_repeated_bodies_are_found.py::test_a_repeated_body_is_found
  /Users/kiesowd/VSCode/datadesk/.venv/lib/python3.11/site-packages/django/db/models/fields/__init__.py:1671: RuntimeWarning: DateTimeField RepeatedBody.latest_article received a naive datetime (2026-09-04 22:16:19.717979) while time zone support is active.
    warnings.warn(

tests/test_repeated_bodies_are_found.py::test_the_statuses_say_what_was_done_with_them
  /Users/kiesowd/VSCode/datadesk/.venv/lib/python3.11/site-packages/django/db/models/fields/__init__.py:1671: RuntimeWarning: DateTimeField RepeatedBody.latest_article received a naive datetime (2026-09-04 22:16:19.808283) while time zone support is active.
    warnings.warn(

tests/test_repeated_bodies_are_found.py::test_a_pattern_that_stopped_is_still_datable
  /Users/kiesowd/VSCode/datadesk/.venv/lib/python3.11/site-packages/django/db/models/fields/__init__.py:1671: RuntimeWarning: DateTimeField RepeatedBody.latest_article received a naive datetime (2026-09-04 22:16:19.840313) while time zone support is active.
    warnings.warn(

tests/test_repeated_bodies_are_found.py::test_the_sample_says_which_boilerplate_it_is
  /Users/kiesowd/VSCode/datadesk/.venv/lib/python3.11/site-packages/django/db/models/fields/__init__.py:1671: RuntimeWarning: DateTimeField RepeatedBody.latest_article received a naive datetime (2026-09-04 22:16:19.892882) while time zone support is active.
    warnings.warn(

tests/test_repeated_bodies_are_found.py::test_the_page_shows_them
  /Users/kiesowd/VSCode/datadesk/.venv/lib/python3.11/site-packages/django/db/models/fields/__init__.py:1671: RuntimeWarning: DateTimeField RepeatedBody.latest_article received a naive datetime (2026-09-04 22:16:19.929151) while time zone support is active.
    warnings.warn(

tests/test_review_queue.py::test_a_syndicated_queue_row_names_the_service
  /Users/kiesowd/VSCode/datadesk/.venv/lib/python3.11/site-packages/django/db/models/fields/__init__.py:1671: RuntimeWarning: DateTimeField Article.publish_date received a naive datetime (2026-09-03 22:16:23.730071) while time zone support is active.
    warnings.warn(

tests/test_review_queue.py::test_a_syndicated_queue_row_names_the_service
  /Users/kiesowd/VSCode/datadesk/.venv/lib/python3.11/site-packages/django/db/models/fields/__init__.py:1671: RuntimeWarning: DateTimeField Article.created_at received a naive datetime (2026-09-03 22:16:23.730069) while time zone support is active.
    warnings.warn(

tests/test_review_queue.py::test_an_unfinished_check_is_not_a_local_story
  /Users/kiesowd/VSCode/datadesk/.venv/lib/python3.11/site-packages/django/db/models/fields/__init__.py:1671: RuntimeWarning: DateTimeField Article.publish_date received a naive datetime (2026-09-03 22:16:23.832957) while time zone support is active.
    warnings.warn(

tests/test_review_queue.py::test_an_unfinished_check_is_not_a_local_story
  /Users/kiesowd/VSCode/datadesk/.venv/lib/python3.11/site-packages/django/db/models/fields/__init__.py:1671: RuntimeWarning: DateTimeField Article.created_at received a naive datetime (2026-09-03 22:16:23.832955) while time zone support is active.
    warnings.warn(

tests/test_review_queue.py::test_the_exclusion_survives_a_status_the_queue_does_not_expect
  /Users/kiesowd/VSCode/datadesk/.venv/lib/python3.11/site-packages/django/db/models/fields/__init__.py:1671: RuntimeWarning: DateTimeField Article.publish_date received a naive datetime (2026-09-03 22:16:24.454140) while time zone support is active.
    warnings.warn(

tests/test_review_queue.py::test_the_exclusion_survives_a_status_the_queue_does_not_expect
  /Users/kiesowd/VSCode/datadesk/.venv/lib/python3.11/site-packages/django/db/models/fields/__init__.py:1671: RuntimeWarning: DateTimeField Article.created_at received a naive datetime (2026-09-03 22:16:24.454136) while time zone support is active.
    warnings.warn(

-- Docs: https://docs.pytest.org/en/stable/how-to/capture-warnings.html
1370 passed, 11 warnings in 177.27s (0:02:57)
