.venv/bin/ruff check .
All checks passed!
.venv/bin/black --check .
All done! ✨ 🍰 ✨
183 files would be left unchanged.
.venv/bin/isort --check-only .
Skipped 3 files
.venv/bin/mypy .
datasets/places.py:39: note: By default the bodies of untyped functions are not checked, consider using --check-untyped-defs  [annotation-unchecked]
datasets/places.py:40: note: By default the bodies of untyped functions are not checked, consider using --check-untyped-defs  [annotation-unchecked]
explorer/costs.py:242: note: By default the bodies of untyped functions are not checked, consider using --check-untyped-defs  [annotation-unchecked]
Success: no issues found in 145 source files
.venv/bin/python manage.py makemigrations --check --dry-run
No changes detected
.venv/bin/python -m pytest
........................................................................ [  6%]
........................................................................ [ 12%]
........................................................................ [ 18%]
........................................................................ [ 24%]
........................................................................ [ 30%]
........................................................................ [ 36%]
........................................................................ [ 42%]
........................................................................ [ 48%]
........................................................................ [ 54%]
........................................................................ [ 60%]
........................................................................ [ 66%]
........................................................................ [ 72%]
........................................................................ [ 79%]
........................................................................ [ 85%]
........................................................................ [ 91%]
........................................................................ [ 97%]
................................                                         [100%]
1184 passed in 77.20s (0:01:17)
