.venv/bin/ruff check .
All checks passed!
.venv/bin/black --check .
All done! ✨ 🍰 ✨
187 files would be left unchanged.
.venv/bin/isort --check-only .
Skipped 3 files
.venv/bin/mypy .
datasets/places.py:39: note: By default the bodies of untyped functions are not checked, consider using --check-untyped-defs  [annotation-unchecked]
datasets/places.py:40: note: By default the bodies of untyped functions are not checked, consider using --check-untyped-defs  [annotation-unchecked]
explorer/costs.py:242: note: By default the bodies of untyped functions are not checked, consider using --check-untyped-defs  [annotation-unchecked]
Success: no issues found in 148 source files
.venv/bin/python manage.py makemigrations --check --dry-run
No changes detected
.venv/bin/python -m pytest
........................................................................ [  5%]
........................................................................ [ 11%]
........................................................................ [ 17%]
........................................................................ [ 23%]
........................................................................ [ 29%]
........................................................................ [ 35%]
........................................................................ [ 41%]
........................................................................ [ 47%]
........................................................................ [ 53%]
........................................................................ [ 59%]
........................................................................ [ 65%]
........................................................................ [ 71%]
........................................................................ [ 77%]
........................................................................ [ 82%]
........................................................................ [ 88%]
........................................................................ [ 94%]
...............................................................          [100%]
1215 passed in 70.06s (0:01:10)
