.venv/bin/ruff check .
All checks passed!
.venv/bin/black --check .
All done! ✨ 🍰 ✨
173 files would be left unchanged.
.venv/bin/isort --check-only .
Skipped 3 files
.venv/bin/mypy .
datasets/places.py:39: note: By default the bodies of untyped functions are not checked, consider using --check-untyped-defs  [annotation-unchecked]
datasets/places.py:40: note: By default the bodies of untyped functions are not checked, consider using --check-untyped-defs  [annotation-unchecked]
explorer/costs.py:242: note: By default the bodies of untyped functions are not checked, consider using --check-untyped-defs  [annotation-unchecked]
Success: no issues found in 136 source files
.venv/bin/python manage.py makemigrations --check --dry-run
No changes detected
.venv/bin/python -m pytest
........................................................................ [  6%]
........................................................................ [ 13%]
........................................................................ [ 19%]
........................................................................ [ 26%]
........................................................................ [ 33%]
........................................................................ [ 39%]
........................................................................ [ 46%]
........................................................................ [ 52%]
........................................................................ [ 59%]
........................................................................ [ 66%]
........................................................................ [ 72%]
........................................................................ [ 79%]
........................................................................ [ 85%]
........................................................................ [ 92%]
........................................................................ [ 99%]
.........                                                                [100%]
1089 passed in 87.69s (0:01:27)
