.venv/bin/ruff check .
All checks passed!
.venv/bin/black --check .
All done! ✨ 🍰 ✨
200 files would be left unchanged.
.venv/bin/isort --check-only .
Skipped 3 files
.venv/bin/mypy .
datasets/places.py:39: note: By default the bodies of untyped functions are not checked, consider using --check-untyped-defs  [annotation-unchecked]
datasets/places.py:40: note: By default the bodies of untyped functions are not checked, consider using --check-untyped-defs  [annotation-unchecked]
explorer/costs.py:244: note: By default the bodies of untyped functions are not checked, consider using --check-untyped-defs  [annotation-unchecked]
Success: no issues found in 159 source files
docker compose -f docker-compose.test.yml up -d --wait
 Container datadesk-test-postgres Running 
 Container datadesk-test-postgres Waiting 
 Container datadesk-test-postgres Healthy 
DATADESK_TEST_DB_HOST=127.0.0.1 DATADESK_TEST_DB_PORT=5434 DATADESK_TEST_DB_USER=datadesk DATADESK_TEST_DB_PASSWORD=datadesk .venv/bin/python manage.py makemigrations --check --dry-run
No changes detected
DATADESK_TEST_DB_HOST=127.0.0.1 DATADESK_TEST_DB_PORT=5434 DATADESK_TEST_DB_USER=datadesk DATADESK_TEST_DB_PASSWORD=datadesk .venv/bin/python -m pytest
........................................................................ [  5%]
........................................................................ [ 11%]
........................................................................ [ 17%]
........................................................................ [ 22%]
........................................................................ [ 28%]
........................................................................ [ 34%]
........................................................................ [ 40%]
........................................................................ [ 45%]
........................................................................ [ 51%]
........................................................................ [ 57%]
........................................................................ [ 63%]
........................................................................ [ 68%]
........................................................................ [ 74%]
........................................................................ [ 80%]
........................................................................ [ 85%]
........................................................................ [ 91%]
........................................................................ [ 97%]
................................                                         [100%]
=============================== warnings summary ===============================
tests/test_review_queue.py::test_a_syndicated_queue_row_names_the_service
tests/test_review_queue.py::test_an_unfinished_check_is_not_a_local_story
tests/test_review_queue.py::test_the_exclusion_survives_a_status_the_queue_does_not_expect
  /Users/kiesowd/VSCode/datadesk/.venv/lib/python3.11/site-packages/django/db/models/fields/__init__.py:1671: RuntimeWarning: DateTimeField Article.publish_date received a naive datetime (2026-03-01 00:00:00) while time zone support is active.
    warnings.warn(

tests/test_review_queue.py::test_a_syndicated_queue_row_names_the_service
tests/test_review_queue.py::test_an_unfinished_check_is_not_a_local_story
tests/test_review_queue.py::test_the_exclusion_survives_a_status_the_queue_does_not_expect
  /Users/kiesowd/VSCode/datadesk/.venv/lib/python3.11/site-packages/django/db/models/fields/__init__.py:1671: RuntimeWarning: DateTimeField Article.created_at received a naive datetime (2026-03-01 00:00:00) while time zone support is active.
    warnings.warn(

-- Docs: https://docs.pytest.org/en/stable/how-to/capture-warnings.html
1256 passed, 6 warnings in 208.11s (0:03:28)
