.venv/bin/ruff check .
All checks passed!
.venv/bin/black --check .
All done! ✨ 🍰 ✨
180 files would be left unchanged.
.venv/bin/isort --check-only .
Skipped 3 files
.venv/bin/mypy .
datasets/places.py:39: note: By default the bodies of untyped functions are not checked, consider using --check-untyped-defs  [annotation-unchecked]
datasets/places.py:40: note: By default the bodies of untyped functions are not checked, consider using --check-untyped-defs  [annotation-unchecked]
explorer/costs.py:242: note: By default the bodies of untyped functions are not checked, consider using --check-untyped-defs  [annotation-unchecked]
Success: no issues found in 142 source files
.venv/bin/python manage.py makemigrations --check --dry-run
No changes detected
.venv/bin/python -m pytest
........................................................................ [  6%]
........................................................................ [ 12%]
........................................................................ [ 18%]
........................................................................ [ 24%]
........................................................................ [ 31%]
........................................................................ [ 37%]
........................................................................ [ 43%]
........................................................................ [ 49%]
........................................................................ [ 56%]
........................................................................ [ 62%]
........................................................................ [ 68%]
........................................................................ [ 74%]
........................................................................ [ 81%]
........................................................................ [ 87%]
........................................................................ [ 93%]
........................................................................ [ 99%]
..                                                                       [100%]
1154 passed in 89.36s (0:01:29)
