.venv/bin/ruff check .
All checks passed!
.venv/bin/black --check .
All done! ✨ 🍰 ✨
181 files would be left unchanged.
.venv/bin/isort --check-only .
Skipped 3 files
.venv/bin/mypy .
datasets/places.py:39: note: By default the bodies of untyped functions are not checked, consider using --check-untyped-defs  [annotation-unchecked]
datasets/places.py:40: note: By default the bodies of untyped functions are not checked, consider using --check-untyped-defs  [annotation-unchecked]
explorer/costs.py:242: note: By default the bodies of untyped functions are not checked, consider using --check-untyped-defs  [annotation-unchecked]
Success: no issues found in 143 source files
.venv/bin/python manage.py makemigrations --check --dry-run
No changes detected
.venv/bin/python -m pytest
........................................................................ [  6%]
........................................................................ [ 12%]
........................................................................ [ 18%]
........................................................................ [ 24%]
........................................................................ [ 30%]
........................................................................ [ 37%]
........................................................................ [ 43%]
........................................................................ [ 49%]
........................................................................ [ 55%]
........................................................................ [ 61%]
........................................................................ [ 68%]
........................................................................ [ 74%]
........................................................................ [ 80%]
........................................................................ [ 86%]
........................................................................ [ 92%]
........................................................................ [ 99%]
..........                                                               [100%]
1162 passed in 83.49s (0:01:23)
