.venv/bin/ruff check .
All checks passed!
.venv/bin/black --check .
All done! ✨ 🍰 ✨
176 files would be left unchanged.
.venv/bin/isort --check-only .
Skipped 3 files
.venv/bin/mypy .
datasets/places.py:39: note: By default the bodies of untyped functions are not checked, consider using --check-untyped-defs  [annotation-unchecked]
datasets/places.py:40: note: By default the bodies of untyped functions are not checked, consider using --check-untyped-defs  [annotation-unchecked]
explorer/costs.py:242: note: By default the bodies of untyped functions are not checked, consider using --check-untyped-defs  [annotation-unchecked]
Success: no issues found in 139 source files
.venv/bin/python manage.py makemigrations --check --dry-run
No changes detected
.venv/bin/python -m pytest
........................................................................ [  6%]
........................................................................ [ 12%]
........................................................................ [ 19%]
........................................................................ [ 25%]
........................................................................ [ 32%]
........................................................................ [ 38%]
........................................................................ [ 45%]
........................................................................ [ 51%]
........................................................................ [ 58%]
........................................................................ [ 64%]
........................................................................ [ 70%]
........................................................................ [ 77%]
........................................................................ [ 83%]
........................................................................ [ 90%]
........................................................................ [ 96%]
.....................................                                    [100%]
1117 passed in 124.47s (0:02:04)
